
Running 7 tests using 4 workers

[1A[2K[1/7] [chromium] ÔÇ║ e2e\admin-onboarding.spec.ts:18:7 ÔÇ║ Admin Onboarding Flow ÔÇ║ should generate slug automatically based on business name
[1A[2K[2/7] [chromium] ÔÇ║ e2e\admin-onboarding.spec.ts:34:7 ÔÇ║ Admin Onboarding Flow ÔÇ║ should allow manual override of the slug without auto-updating afterwards
[1A[2K[3/7] [chromium] ÔÇ║ e2e\admin-onboarding.spec.ts:54:7 ÔÇ║ Admin Onboarding Flow ÔÇ║ should complete the onboarding flow successfully
[1A[2K[4/7] [chromium] ÔÇ║ e2e\booking.spec.ts:3:5 ÔÇ║ End-to-end Booking Flow
[1A[2K[5/7] [chromium] ÔÇ║ e2e\admin-auth.spec.ts:30:7 ÔÇ║ Admin Auth Flow ÔÇ║ should restrict access to onboarding without session
[1A[2K[6/7] [chromium] ÔÇ║ e2e\admin-auth.spec.ts:18:7 ÔÇ║ Admin Auth Flow ÔÇ║ should restrict access to dashboard without session
[1A[2K[7/7] [chromium] ÔÇ║ e2e\admin-auth.spec.ts:5:7 ÔÇ║ Admin Auth Flow ÔÇ║ should display login page correctly
[1A[2K  1) [chromium] ÔÇ║ e2e\booking.spec.ts:3:5 ÔÇ║ End-to-end Booking Flow ÔöÇÔöÇÔöÇÔöÇÔöÇÔöÇÔöÇÔöÇÔöÇÔöÇÔöÇÔöÇÔöÇÔöÇÔöÇÔöÇÔöÇÔöÇÔöÇÔöÇÔöÇÔöÇÔöÇÔöÇÔöÇÔöÇÔöÇÔöÇÔöÇÔöÇÔöÇÔöÇ

    [31mTest timeout of 30000ms exceeded.[39m

    Error: page.waitForURL: Test timeout of 30000ms exceeded.
    =========================== logs ===========================
    waiting for navigation to "**/success" until "load"
    ============================================================

      35 |   // Since we don't have real stripe keys in integration test, our server action
      36 |   // detects the error/lack of session and falls back to /tenantSlug/success redirection for this demo.
    > 37 |   await page.waitForURL('**/success');
         |              ^
      38 |   
      39 |   // Check success page text
      40 |   await expect(page.locator('h1')).toHaveText('Booking Confirmed!');
        at F:\2026\Master\TFM\Op03\booking-saas-tfm\e2e\booking.spec.ts:37:14

    Error Context: test-results\booking-End-to-end-Booking-Flow-chromium\error-context.md


[1A[2K  1 failed
    [chromium] ÔÇ║ e2e\booking.spec.ts:3:5 ÔÇ║ End-to-end Booking Flow ÔöÇÔöÇÔöÇÔöÇÔöÇÔöÇÔöÇÔöÇÔöÇÔöÇÔöÇÔöÇÔöÇÔöÇÔöÇÔöÇÔöÇÔöÇÔöÇÔöÇÔöÇÔöÇÔöÇÔöÇÔöÇÔöÇÔöÇÔöÇÔöÇÔöÇÔöÇÔöÇÔöÇ
  3 skipped
  3 passed (53.7s)

[36m  Serving HTML report at http://localhost:57946. Press Ctrl+C to quit.[39m
